Microchip MPLAB XC8 Compiler V2.36

Linker command line:

-W-3 --edf=C:\Program Files\Microchip\xc8\v2.36\pic\dat\en_msgs.txt -cn \
  -h+dist/default/production\Assignment4U2061093.X.production.sym \
  --cmf=dist/default/production\Assignment4U2061093.X.production.cmf -z \
  -Q16F882 -oC:\Users\3mawo\AppData\Local\Temp\xcAsf8c.4 \
  --defsym=__MPLAB_BUILD=1 \
  -Mdist/default/production/Assignment4U2061093.X.production.map \
  --md=C:\Users\3mawo\AppData\Local\Temp\xcAsf8c.dat -E1 -ver=XC8 Compiler \
  --acfsm=1493 -ACODE=00h-07FFh -ASTRCODE=00h-07FFh -ASTRING=00h-0FFhx8 \
  -ACONST=00h-0FFhx8 -AENTRY=00h-0FFhx8 -ACOMMON=070h-07Fh \
  -ABANK0=020h-06Fh -ABANK1=0A0h-0BFh -ARAM=020h-06Fh,0A0h-0BFh \
  -AABS1=020h-07Fh,0A0h-0BFh -ASFR0=00h-01Fh -ASFR1=080h-09Fh \
  -ASFR2=0100h-016Fh -ASFR3=0180h-01EFh -ACONFIG=02007h-02008h -DCONFIG=2 \
  -AIDLOC=02000h-02003h -DIDLOC=2 -AEEDATA=00h-07Fh/02100h \
  -peeprom_data=EEDATA -DEEDATA=2 -DCODE=2 -DSTRCODE=2 -DSTRING=2 -DCONST=2 \
  -DENTRY=2 -preset_vec=00h,intentry=04h,init,end_init -ppowerup=CODE \
  -pcinit=CODE -pfunctab=ENTRY -k \
  C:\Users\3mawo\AppData\Local\Temp\xcAsf8c.o \
  dist/default/production\Assignment4U2061093.X.production.o 

Object code version is 3.11

Machine type is 16F882



                Name                               Link     Load   Length Selector   Space Scale
C:\Users\3mawo\AppData\Local\Temp\xcAsf8c.o
                end_init                              A        A        1        8       0
                reset_vec                             0        0        1        0       0
                config                             2007     2007        2        0       4
                idloc                              2000     2000        4        0       5
dist/default/production\Assignment4U2061093.X.production.o
                cinit                                 B        B       17        8       0
                intentry                              4        4        6        8       0
                config                             2007     2007        2        0       4
                idloc                              2000     2000        4        0       5
                text25                              633      633       44      53E       0
                text24                              7DE      7DE       18      53E       0
                text23                              32C      32C       87      53E       0
                text22                               22       22       29        8       0
                text21                              432      432       70      53E       0
                text20                              7B5      7B5       29      53E       0
                text19                               C3       C3        D        8       0
                text18                               87       87       15        8       0
                text17                              6A7      6A7       30      53E       0
                text16                              50C      50C       69      53E       0
                text15                              78A      78A       2B      53E       0
                text14                               4B       4B       25        8       0
                text13                               9C       9C       14        8       0
                text12                               70       70       17        8       0
                text11                              75E      75E       2C      53E       0
                text10                              575      575       68      53E       0
                text9                               5DD      5DD       56      53E       0
                text8                               29F      29F       8D      53E       0
                text7                               732      732       2C      53E       0
                text6                                B0       B0       13        8       0
                text5                               706      706       2C      53E       0
                text4                               6D7      6D7       2F      53E       0
                text3                               3B3      3B3       7F      53E       0
                text2                               677      677       30      53E       0
                text1                               4A2      4A2       6A      53E       0
                maintext                            7F6      7F6        6      53E       0
                cstackBANK0                          20       20       36       20       1
                cstackCOMMON                         70       70        8       70       1
                dataBANK0                            60       60        4       20       1
                bssBANK0                             56       56        A       20       1
                bssCOMMON                            78       78        3       70       1
                stringtext                          100      100      19F        2       0
                idataBANK0                          7FC      7FC        4      53E       0

TOTAL           Name                               Link     Load   Length     Space
        CLASS   CODE           
                end_init                              A        A        1         0
                cinit                                 B        B       17         0
                intentry                              4        4        6         0
                reset_vec                             0        0        1         0
                text25                              633      633       44         0
                text24                              7DE      7DE       18         0
                text23                              32C      32C       87         0
                text22                               22       22       29         0
                text21                              432      432       70         0
                text20                              7B5      7B5       29         0
                text19                               C3       C3        D         0
                text18                               87       87       15         0
                text17                              6A7      6A7       30         0
                text16                              50C      50C       69         0
                text15                              78A      78A       2B         0
                text14                               4B       4B       25         0
                text13                               9C       9C       14         0
                text12                               70       70       17         0
                text11                              75E      75E       2C         0
                text10                              575      575       68         0
                text9                               5DD      5DD       56         0
                text8                               29F      29F       8D         0
                text7                               732      732       2C         0
                text6                                B0       B0       13         0
                text5                               706      706       2C         0
                text4                               6D7      6D7       2F         0
                text3                               3B3      3B3       7F         0
                text2                               677      677       30         0
                text1                               4A2      4A2       6A         0
                maintext                            7F6      7F6        6         0
                idataBANK0                          7FC      7FC        4         0

        CLASS   STRCODE        
                stringtext                          100      100      19F         0

        CLASS   STRING         

        CLASS   CONST          

        CLASS   ENTRY          

        CLASS   COMMON         
                cstackCOMMON                         70       70        8         1
                bssCOMMON                            78       78        3         1

        CLASS   BANK0          
                cstackBANK0                          20       20       36         1
                dataBANK0                            60       60        4         1
                bssBANK0                             56       56        A         1

        CLASS   BANK1          

        CLASS   RAM            

        CLASS   ABS1           
                abs_s1                               7E       7E        2         1

        CLASS   SFR0           

        CLASS   SFR1           

        CLASS   SFR2           

        CLASS   SFR3           

        CLASS   CONFIG         
                config                             2007     2007        2         4

        CLASS   IDLOC          
                idloc                              2000     2000        4         5

        CLASS   EEDATA         

        CLASS   BANK3          

        CLASS   BANK2          

        CLASS   STACK          



SEGMENTS        Name                           Load    Length   Top    Selector   Space  Class     Delta

                reset_vec                      000000  000001  000001         0       0  CODE        2
                intentry                       000004  0000CC  0000D0         8       0  CODE        2
                cstackBANK0                    000020  000044  000064        20       1  BANK0       1
                cstackCOMMON                   000070  00000B  00007B        70       1  COMMON      1
                stringtext                     000100  00019F  00029F         2       0  STRCODE     2
                text8                          00029F  000561  000800       53E       0  CODE        2


UNUSED ADDRESS RANGES

        Name                Unused          Largest block    Delta
        BANK0            0064-006F              C           1
        BANK1            00A0-00BF             20           1
        CODE             0001-0003              3           2
                         00D0-00FF             30
        COMMON           007B-007D              3           1
        CONST            0001-0003              3           2
                         00D0-00FF             30
        EEDATA           2100-217F             80           2
        ENTRY            0001-0003              3           2
                         00D0-00FF             30
        RAM              0064-006F              C           1
                         00A0-00BF             20
        SFR0             0000-001F             20           1
        SFR1             0080-009F             20           1
        SFR2             0100-016F             70           1
        SFR3             0180-01EF             70           1
        STRCODE          0001-0003              3           2
                         00D0-00FF             30
        STRING           0001-0003              3           2
                         00D0-00FF             30

                                  Symbol Table

?_ADC_read                  cstackCOMMON 0073
?___awdiv                   cstackBANK0  0022
?___lldiv                   cstackBANK0  0020
?___llmod                   cstackBANK0  0020
?___wmul                    cstackCOMMON 0073
?_convertToF                cstackBANK0  002A
ADC_channel_select@channel  cstackCOMMON 0074
ADC_read@result             cstackCOMMON 0075
GetThermistorTemp@ADCValue  cstackBANK0  0020
GetThermistorTemp@i         cstackCOMMON 0077
LCD_clear@counter           cstackCOMMON 0075
LCD_cursor@x                cstackCOMMON 0077
LCD_cursor@y                cstackCOMMON 0075
LCD_display_value@buffer    cstackBANK0  0043
LCD_display_value@value     cstackBANK0  003F
LCD_initialise@counter      cstackBANK0  0027
LCD_putch@c                 cstackCOMMON 0075
LCD_putch@counter           cstackCOMMON 0076
LCD_puts@c                  cstackBANK0  002B
LCD_puts@i                  cstackBANK0  002A
LCD_puts@s                  cstackBANK0  0029
LCD_putsc@c                 cstackBANK0  002B
LCD_putsc@i                 cstackBANK0  002A
LCD_putsc@s                 cstackBANK0  0027
LCD_write@RSmask            cstackBANK0  0024
LCD_write@TRISC_BAK         cstackBANK0  0022
LCD_write@c                 cstackBANK0  0023
LCD_write@counter           cstackBANK0  0025
LCD_write@intsON            cstackBANK0  0021
LCD_write@rs                cstackCOMMON 0073
LCD_write@temp              cstackBANK0  0020
_ADCON0                     (abs)        001F
_ADCON0bits                 (abs)        001F
_ADCON1                     (abs)        009F
_ADC_channel_select         text19       00C3
_ADC_initialise             text24       07DE
_ADC_read                   text18       0087
_ADRESH                     (abs)        001E
_ADRESL                     (abs)        009E
_ANSEL                      (abs)        0188
_ANSELH                     (abs)        0189
_GIE                        (abs)        005F
_GetThermistorTemp          text17       06A7
_HighLow                    text3        03B3
_INTCONbits                 (abs)        000B
_IOCBbits                   (abs)        0096
_LCD_clear                  text22       0022
_LCD_cursor                 text13       009C
_LCD_display_value          text6        00B0
_LCD_initialise             text21       0432
_LCD_putch                  text12       0070
_LCD_puts                   text11       075E
_LCD_putsc                  text5        0706
_LCD_write                  text23       032C
_PIE1bits                   (abs)        008C
_PIR1bits                   (abs)        000C
_PORTA                      (abs)        0005
_PORTB                      (abs)        0006
_PORTBbits                  (abs)        0006
_PORTC                      (abs)        0007
_PORTCbits                  (abs)        0007
_T1CON                      (abs)        0010
_T1CONbits                  (abs)        0010
_TMR1                       (abs)        000E
_TRISA                      (abs)        0085
_TRISB                      (abs)        0086
_TRISC                      (abs)        0087
_TempLUT                    stringtext   0204
_ThermValueLUT              stringtext   0112
__Habs1                     abs1         0000
__Hbank0                    bank0        0000
__Hbank1                    bank1        0000
__Hbank2                    bank2        0000
__Hbank3                    bank3        0000
__HbssBANK0                 bssBANK0     0000
__HbssCOMMON                bssCOMMON    0000
__Hcinit                    cinit        0022
__Hclrtext                  clrtext      0000
__Hcode                     code         0000
__Hcommon                   common       0000
__Hconfig                   config       2009
__HcstackBANK0              cstackBANK0  0000
__HcstackCOMMON             cstackCOMMON 0000
__HdataBANK0                dataBANK0    0000
__Heeprom_data              eeprom_data  0000
__Hend_init                 end_init     000B
__Hfunctab                  functab      0000
__HidataBANK0               idataBANK0   0000
__Hidloc                    idloc        2004
__Hinit                     init         000A
__Hintentry                 intentry     000A
__Hmaintext                 maintext     0000
__Hpowerup                  powerup      0000
__Hram                      ram          0000
__Hreset_vec                reset_vec    0001
__Hsfr0                     sfr0         0000
__Hsfr1                     sfr1         0000
__Hsfr2                     sfr2         0000
__Hsfr3                     sfr3         0000
__Hspace_0                  (abs)        0800
__Hspace_1                  (abs)        007B
__Hspace_2                  (abs)        0000
__Hspace_3                  (abs)        0000
__Hspace_4                  (abs)        4010
__Hstack                    stack        0000
__Hstrings                  strings      0000
__Hstringtext               stringtext   0000
__Htext                     text         0000
__Labs1                     abs1         0000
__Lbank0                    bank0        0000
__Lbank1                    bank1        0000
__Lbank2                    bank2        0000
__Lbank3                    bank3        0000
__LbssBANK0                 bssBANK0     0000
__LbssCOMMON                bssCOMMON    0000
__Lcinit                    cinit        000B
__Lclrtext                  clrtext      0000
__Lcode                     code         0000
__Lcommon                   common       0000
__Lconfig                   config       0000
__LcstackBANK0              cstackBANK0  0000
__LcstackCOMMON             cstackCOMMON 0000
__LdataBANK0                dataBANK0    0000
__Leeprom_data              eeprom_data  0000
__Lend_init                 end_init     000A
__Lfunctab                  functab      0000
__LidataBANK0               idataBANK0   0000
__Lidloc                    idloc        0000
__Linit                     init         000A
__Lintentry                 intentry     0004
__Lmaintext                 maintext     0000
__Lpowerup                  powerup      0000
__Lram                      ram          0000
__Lreset_vec                reset_vec    0000
__Lsfr0                     sfr0         0000
__Lsfr1                     sfr1         0000
__Lsfr2                     sfr2         0000
__Lsfr3                     sfr3         0000
__Lspace_0                  (abs)        0000
__Lspace_1                  (abs)        0000
__Lspace_2                  (abs)        0000
__Lspace_3                  (abs)        0000
__Lspace_4                  (abs)        0000
__Lstack                    stack        0000
__Lstrings                  strings      0000
__Lstringtext               stringtext   0000
__Ltext                     text         0000
__S0                        (abs)        0800
__S1                        (abs)        007B
__S3                        (abs)        0000
___awdiv                    text16       050C
___awdiv@counter            cstackBANK0  0026
___awdiv@dividend           cstackBANK0  0024
___awdiv@divisor            cstackBANK0  0022
___awdiv@quotient           cstackBANK0  0028
___awdiv@sign               cstackBANK0  0027
___int_sp                   stack        0000
___latbits                  (abs)        0000
___lldiv                    text10       0575
___lldiv@counter            cstackBANK0  002C
___lldiv@dividend           cstackBANK0  0024
___lldiv@divisor            cstackBANK0  0020
___lldiv@quotient           cstackBANK0  0028
___llmod                    text9        05DD
___llmod@counter            cstackCOMMON 0074
___llmod@dividend           cstackBANK0  0024
___llmod@divisor            cstackBANK0  0020
___sp                       stack        0000
___stackhi                  (abs)        0000
___stacklo                  (abs)        0000
___wmul                     text15       078A
___wmul@multiplicand        cstackCOMMON 0075
___wmul@multiplier          cstackCOMMON 0073
___wmul@product             cstackBANK0  0020
__end_of_ADC_channel_select text19       00D0
__end_of_ADC_initialise     text24       07F6
__end_of_ADC_read           text18       009C
__end_of_GetThermistorTemp  text17       06D7
__end_of_HighLow            text3        0432
__end_of_LCD_clear          text22       004B
__end_of_LCD_cursor         text13       00B0
__end_of_LCD_display_value  text6        00C3
__end_of_LCD_initialise     text21       04A2
__end_of_LCD_putch          text12       0087
__end_of_LCD_puts           text11       078A
__end_of_LCD_putsc          text5        0732
__end_of_LCD_write          text23       03B3
__end_of_TempLUT            stringtext   027D
__end_of_ThermValueLUT      stringtext   0204
__end_of___awdiv            text16       0575
__end_of___lldiv            text10       05DD
__end_of___llmod            text9        0633
__end_of___wmul             text15       07B5
__end_of__initialization    cinit        0020
__end_of__stringtab         stringtext   0112
__end_of_config             text20       07DE
__end_of_convertToF         text14       0070
__end_of_displayHighLow     text4        0706
__end_of_ledBarChartC       text2        06A7
__end_of_ltoa               text7        075E
__end_of_main               maintext     07FC
__end_of_myISR              text25       0677
__end_of_tempDisplay        text1        050C
__end_of_ultoa              text8        032C
__initialization            cinit        000B
__pbssBANK0                 bssBANK0     0056
__pbssCOMMON                bssCOMMON    0078
__pcstackBANK0              cstackBANK0  0020
__pcstackCOMMON             cstackCOMMON 0070
__pdataBANK0                dataBANK0    0060
__pidataBANK0               idataBANK0   07FC
__pintentry                 intentry     0004
__pmaintext                 maintext     07F6
__pstringtext               stringtext   0100
__ptext1                    text1        04A2
__ptext10                   text10       0575
__ptext11                   text11       075E
__ptext12                   text12       0070
__ptext13                   text13       009C
__ptext14                   text14       004B
__ptext15                   text15       078A
__ptext16                   text16       050C
__ptext17                   text17       06A7
__ptext18                   text18       0087
__ptext19                   text19       00C3
__ptext2                    text2        0677
__ptext20                   text20       07B5
__ptext21                   text21       0432
__ptext22                   text22       0022
__ptext23                   text23       032C
__ptext24                   text24       07DE
__ptext25                   text25       0633
__ptext3                    text3        03B3
__ptext4                    text4        06D7
__ptext5                    text5        0706
__ptext6                    text6        00B0
__ptext7                    text7        0732
__ptext8                    text8        029F
__ptext9                    text9        05DD
__stringbase                stringtext   0112
__stringtab                 stringtext   0100
_bar                        bssBANK0     005C
_config                     text20       07B5
_convert                    bssCOMMON    007A
_convertToF                 text14       004B
_count                      bssBANK0     005F
_count2                     bssBANK0     005E
_displayHighLow             text4        06D7
_high                       bssBANK0     005A
_ledBarChartC               text2        0677
_low                        dataBANK0    0060
_ltoa                       text7        0732
_main                       maintext     07F6
_myISR                      text25       0633
_result                     bssBANK0     005D
_temp                       bssCOMMON    0078
_tempDisplay                text1        04A2
_ultoa                      text8        029F
_updateScreen               dataBANK0    0063
btemp                       (abs)        007E
convertToF@converted        cstackBANK0  002C
convertToF@t                cstackBANK0  002A
displayHighLow@max          cstackBANK0  0051
displayHighLow@min          cstackBANK0  004F
end_of_initialization       cinit        0020
interrupt_function          intentry     0004
intlevel0                   functab      0000
intlevel1                   functab      0000
intlevel2                   functab      0000
intlevel3                   functab      0000
intlevel4                   functab      0000
intlevel5                   functab      0000
ltoa@base                   cstackBANK0  003D
ltoa@buf                    cstackCOMMON 0077
ltoa@val                    cstackBANK0  0039
reset_vec                   reset_vec    0000
saved_w                     (abs)        007E
start                       init         000A
start_initialization        cinit        000B
ultoa@base                  cstackBANK0  0031
ultoa@buf                   cstackBANK0  0038
ultoa@c                     cstackBANK0  0037
ultoa@v                     cstackBANK0  0033
ultoa@val                   cstackBANK0  002D
wtemp0                      (abs)        007E


MODULE INFORMATION

Module		Function		Class		Link	Load	Size
ADClib882.c
		_ADC_read      		CODE           	0087	0000	21
		_ADC_channel_select		CODE           	00C3	0000	13
		_ADC_initialise		CODE           	07DE	0000	24

ADClib882.c estimated size: 58

C:\Program Files\Microchip\xc8\v2.36\pic\sources\c90\common\llmod.c
		___llmod       		CODE           	05DD	0000	86

C:\Program Files\Microchip\xc8\v2.36\pic\sources\c90\common\llmod.c estimated size: 86

ThermistorConv.c
		_GetThermistorTemp		CODE           	06A7	0000	48

ThermistorConv.c estimated size: 48

C:\Program Files\Microchip\xc8\v2.36\pic\sources\c90\common\Umul16.c
		___wmul        		CODE           	078A	0000	43

C:\Program Files\Microchip\xc8\v2.36\pic\sources\c90\common\Umul16.c estimated size: 43

C:\Program Files\Microchip\xc8\v2.36\pic\sources\c90\common\awdiv.c
		___awdiv       		CODE           	050C	0000	105

C:\Program Files\Microchip\xc8\v2.36\pic\sources\c90\common\awdiv.c estimated size: 105

C:\Program Files\Microchip\xc8\v2.36\pic\sources\c90\common\__lldiv.c
		___lldiv       		CODE           	0575	0000	104

C:\Program Files\Microchip\xc8\v2.36\pic\sources\c90\common\__lldiv.c estimated size: 104

Assignment4U2061093.c
		_myISR         		CODE           	0633	0000	68
		_main          		CODE           	07F6	0000	6
		_ledBarChartC  		CODE           	0677	0000	48
		_displayHighLow		CODE           	06D7	0000	47
		_config        		CODE           	07B5	0000	41
		_HighLow       		CODE           	03B3	0000	127
		_tempDisplay   		CODE           	04A2	0000	106
		_convertToF    		CODE           	004B	0000	37

Assignment4U2061093.c estimated size: 480

C:\Program Files\Microchip\xc8\v2.36\pic\sources\c90\common\ltoa.c
		_ltoa          		CODE           	0732	0000	44
		_ultoa         		CODE           	029F	0000	141

C:\Program Files\Microchip\xc8\v2.36\pic\sources\c90\common\ltoa.c estimated size: 185

shared
		__stringtab    		STRCODE        	0100	0000	18
		__initialization		CODE           	000B	0000	21
		_ThermValueLUT 		STRCODE        	0112	0000	242
		_TempLUT       		STRCODE        	0204	0000	121

shared estimated size: 402

LCDdrive882.c
		_LCD_clear     		CODE           	0022	0000	41
		_LCD_display_value		CODE           	00B0	0000	19
		_LCD_cursor    		CODE           	009C	0000	20
		_LCD_write     		CODE           	032C	0000	135
		_LCD_puts      		CODE           	075E	0000	44
		_LCD_putch     		CODE           	0070	0000	23
		_LCD_putsc     		CODE           	0706	0000	44
		_LCD_initialise		CODE           	0432	0000	112

LCDdrive882.c estimated size: 438

